// Jest Snapshot v1, https://goo.gl/fbAQLP

exports[`Feedback should render 1`] = `
<Styled(Alert)
  message="TEST"
/>
`;
