// Jest Snapshot v1, https://goo.gl/fbAQLP

exports[`Card should render 1`] = `
.c0 {
  width: 100%;
  border-radius: 4px;
  box-shadow: rgba(0,0,0,0.12) 0px 2px 10px 0px;
  padding: 20px;
  background: white;
}

<div
  className="c0"
>
  TEST
</div>
`;
